thread 'main' panicked at 'column-redacted', $DIR/location-detail-panic-no-column.rs:8:0
note: run with `RUST_BACKTRACE=1` environment variable to display a backtrace
