thread 'main' panicked at 'file-redacted', <redacted>:8:5
note: run with `RUST_BACKTRACE=1` environment variable to display a backtrace
