error[E0530]: match bindings cannot shadow tuple structs
  --> $DIR/pattern-binding-disambiguation.rs:24:9
   |
LL | struct TupleStruct();
   | --------------------- the tuple struct `TupleStruct` is defined here
...
LL |         TupleStruct => {}
   |         ^^^^^^^^^^^
   |         |
   |         cannot be named the same as a tuple struct
   |         help: try specify the pattern arguments: `TupleStruct(..)`

error[E0530]: match bindings cannot shadow tuple variants
  --> $DIR/pattern-binding-disambiguation.rs:33:9
   |
LL | use E::*;
   |     ---- the tuple variant `TupleVariant` is imported here
...
LL |         TupleVariant => {}
   |         ^^^^^^^^^^^^
   |         |
   |         cannot be named the same as a tuple variant
   |         help: try specify the pattern arguments: `TupleVariant(..)`

error[E0530]: match bindings cannot shadow struct variants
  --> $DIR/pattern-binding-disambiguation.rs:36:9
   |
LL | use E::*;
   |     ---- the struct variant `BracedVariant` is imported here
...
LL |         BracedVariant => {}
   |         ^^^^^^^^^^^^^ cannot be named the same as a struct variant

error[E0530]: let bindings cannot shadow tuple structs
  --> $DIR/pattern-binding-disambiguation.rs:49:9
   |
LL | struct TupleStruct();
   | --------------------- the tuple struct `TupleStruct` is defined here
...
LL |     let TupleStruct = doesnt_matter;
   |         ^^^^^^^^^^^ cannot be named the same as a tuple struct

error[E0530]: let bindings cannot shadow tuple variants
  --> $DIR/pattern-binding-disambiguation.rs:52:9
   |
LL | use E::*;
   |     ---- the tuple variant `TupleVariant` is imported here
...
LL |     let TupleVariant = doesnt_matter;
   |         ^^^^^^^^^^^^ cannot be named the same as a tuple variant

error[E0530]: let bindings cannot shadow struct variants
  --> $DIR/pattern-binding-disambiguation.rs:53:9
   |
LL | use E::*;
   |     ---- the struct variant `BracedVariant` is imported here
...
LL |     let BracedVariant = doesnt_matter;
   |         ^^^^^^^^^^^^^ cannot be named the same as a struct variant

error[E0308]: mismatched types
  --> $DIR/pattern-binding-disambiguation.rs:42:9
   |
LL | static STATIC: () = ();
   | ----------------- static defined here
...
LL |     match doesnt_matter {
   |           ------------- this expression has type `{integer}`
LL |         STATIC => {}
   |         ^^^^^^
   |         |
   |         expected integer, found `()`
   |         `STATIC` is interpreted as a static, not a new binding
   |         help: introduce a new binding instead: `other_static`

error[E0308]: mismatched types
  --> $DIR/pattern-binding-disambiguation.rs:55:9
   |
LL | static STATIC: () = ();
   | ----------------- static defined here
...
LL |     let STATIC = doesnt_matter;
   |         ^^^^^^   ------------- this expression has type `{integer}`
   |         |
   |         expected integer, found `()`
   |         `STATIC` is interpreted as a static, not a new binding
   |         help: introduce a new binding instead: `other_static`

error: aborting due to 8 previous errors

Some errors have detailed explanations: E0308, E0530.
For more information about an error, try `rustc --explain E0308`.
